// Jest Snapshot v1, https://goo.gl/fbAQLP

exports[`Card renders consistently 1`] = `
<li
  className="card--profile card"
>
  <h2
    className="title"
  >
    Anthony Edward "Tony" Stark
  </h2>
  <p
    className="text"
  >
    Wounded, captured and forced to build a weapon by his enemies, billionaire industrialist Tony Stark instead created an advanced suit of armor to save his life and escape captivity. Now with a new outlook on life, Tony uses his money and intelligence to make the world a safer, better place as Iron Man..
  </p>
</li>
`;
